// Vitest Snapshot v1, https://vitest.dev/guide/snapshot.html

exports[`Header Component > renders the Header component correctly when logged in as Applicant 1`] = `
<DocumentFragment>
  <div
    class="sticky top-0 z-40 w-full bg-white backdrop-blur flex-none transition-colors duration-500 lg:z-50 lg:border-b lg:border-gray-200 supports-backdrop-blur:bg-white/95"
  >
    <div
      class="max-w-8xl mx-auto"
    >
      <div
        class="flex items-center justify-between py-4 border-b border-gray-200 lg:px-8 lg:border-0 mx-4 lg:mx-0"
      >
        <a
          class="flex-none"
          href="/"
        >
          <img
            alt="logo"
            class="h-10"
            src="/images/wolfjobs-logo.png"
          />
        </a>
        <div
          class="hidden lg:flex sm:items-center sm:space-x-8"
        >
          <ul
            class="flex space-x-8"
          />
          <div
            class="relative items-center hidden ml-auto lg:flex"
          >
            <nav
              class="text-sm font-semibold leading-6 text-slate-700 "
            >
              <ul
                class="flex space-x-8"
              />
            </nav>
          </div>
        </div>
      </div>
    </div>
  </div>
</DocumentFragment>
`;

exports[`Header Component > renders the Header component correctly when logged in as Manager 1`] = `
<DocumentFragment>
  <div
    class="sticky top-0 z-40 w-full bg-white backdrop-blur flex-none transition-colors duration-500 lg:z-50 lg:border-b lg:border-gray-200 supports-backdrop-blur:bg-white/95"
  >
    <div
      class="max-w-8xl mx-auto"
    >
      <div
        class="flex items-center justify-between py-4 border-b border-gray-200 lg:px-8 lg:border-0 mx-4 lg:mx-0"
      >
        <a
          class="flex-none"
          href="/"
        >
          <img
            alt="logo"
            class="h-10"
            src="/images/wolfjobs-logo.png"
          />
        </a>
        <div
          class="hidden lg:flex sm:items-center sm:space-x-8"
        >
          <ul
            class="flex space-x-8"
          />
          <div
            class="relative items-center hidden ml-auto lg:flex"
          >
            <nav
              class="text-sm font-semibold leading-6 text-slate-700 "
            >
              <ul
                class="flex space-x-8"
              />
            </nav>
          </div>
        </div>
      </div>
    </div>
  </div>
</DocumentFragment>
`;

exports[`Header Component > renders the Header component correctly when logged out 1`] = `
<DocumentFragment>
  <div
    class="sticky top-0 z-40 w-full bg-white backdrop-blur flex-none transition-colors duration-500 lg:z-50 lg:border-b lg:border-gray-200 supports-backdrop-blur:bg-white/95"
  >
    <div
      class="max-w-8xl mx-auto"
    >
      <div
        class="flex items-center justify-between py-4 border-b border-gray-200 lg:px-8 lg:border-0 mx-4 lg:mx-0"
      >
        <a
          class="flex-none"
          href="/"
        >
          <img
            alt="logo"
            class="h-10"
            src="/images/wolfjobs-logo.png"
          />
        </a>
        <div
          class="hidden lg:flex sm:items-center sm:space-x-8"
        >
          <ul
            class="flex space-x-8"
          />
          <div
            class="relative items-center hidden ml-auto lg:flex"
          >
            <nav
              class="text-sm font-semibold leading-6 text-slate-700 "
            >
              <ul
                class="flex space-x-8"
              />
            </nav>
          </div>
        </div>
      </div>
    </div>
  </div>
</DocumentFragment>
`;

exports[`Header Component > renders the Header component correctly with notifications when logged in as Applicant 1`] = `
<DocumentFragment>
  <div
    class="sticky top-0 z-40 w-full bg-white backdrop-blur flex-none transition-colors duration-500 lg:z-50 lg:border-b lg:border-gray-200 supports-backdrop-blur:bg-white/95"
  >
    <div
      class="max-w-8xl mx-auto"
    >
      <div
        class="flex items-center justify-between py-4 border-b border-gray-200 lg:px-8 lg:border-0 mx-4 lg:mx-0"
      >
        <a
          class="flex-none"
          href="/"
        >
          <img
            alt="logo"
            class="h-10"
            src="/images/wolfjobs-logo.png"
          />
        </a>
        <div
          class="hidden lg:flex sm:items-center sm:space-x-8"
        >
          <ul
            class="flex space-x-8"
          />
          <div
            class="relative items-center hidden ml-auto lg:flex"
          >
            <nav
              class="text-sm font-semibold leading-6 text-slate-700 "
            >
              <ul
                class="flex space-x-8"
              />
            </nav>
          </div>
        </div>
      </div>
    </div>
  </div>
</DocumentFragment>
`;
