// Vitest Snapshot v1, https://vitest.dev/guide/snapshot.html

exports[`Resume Component > ATS Score Visibility - should not show ATS score initially and show after running 1`] = `
<div>
  <div
    class="flex flex-col items-center justify-center h-screen"
  >
    <div
      class="w-1/3"
    >
      <div
        class="flex items-center justify-center w-full h-64 border-2 border-gray-300 border-dashed rounded-lg cursor-pointer"
        role="presentation"
        tabindex="0"
      >
        <input
          accept="application/pdf,.pdf"
          multiple=""
          style="display: none;"
          tabindex="-1"
          type="file"
        />
        <p
          class="text-gray-700"
        >
          Drag 'n' drop some files here, or click to select files
        </p>
      </div>
      <div
        class="flex flex-row"
      >
        <button
          class="px-4 py-2 mt-4 font-bold text-white bg-blue-500 rounded"
        >
          Upload Resume
        </button>
      </div>
    </div>
  </div>
</div>
`;

exports[`Resume Component - ATS Score Visibility > should not show ATS score initially 1`] = `
<div>
  <div
    class="flex flex-col items-center justify-center h-screen"
  >
    <div
      class="w-1/3"
    >
      <div
        class="flex items-center justify-center w-full h-64 border-2 border-gray-300 border-dashed rounded-lg cursor-pointer"
        role="presentation"
        tabindex="0"
      >
        <input
          accept="application/pdf,.pdf"
          multiple=""
          style="display: none;"
          tabindex="-1"
          type="file"
        />
        <p
          class="text-gray-700"
        >
          Drag 'n' drop some files here, or click to select files
        </p>
      </div>
      <div
        class="flex flex-row"
      >
        <button
          class="px-4 py-2 mt-4 font-bold text-white bg-blue-500 rounded"
        >
          Upload Resume
        </button>
      </div>
    </div>
  </div>
</div>
`;

exports[`Resume Component - ATS Score Visibility > should not show ATS score initially and show after  1`] = `
<div>
  <div
    class="flex flex-col items-center justify-center h-screen"
  >
    <div
      class="w-1/3"
    >
      <div
        class="flex items-center justify-center w-full h-64 border-2 border-gray-300 border-dashed rounded-lg cursor-pointer"
        role="presentation"
        tabindex="0"
      >
        <input
          accept="application/pdf,.pdf"
          multiple=""
          style="display: none;"
          tabindex="-1"
          type="file"
        />
        <p
          class="text-gray-700"
        >
          Drag 'n' drop some files here, or click to select files
        </p>
      </div>
      <div
        class="flex flex-row"
      >
        <button
          class="px-4 py-2 mt-4 font-bold text-white bg-blue-500 rounded"
        >
          Upload Resume
        </button>
      </div>
    </div>
  </div>
</div>
`;

exports[`Resume Component - ATS Score Visibility > should not show ATS score initially and show after running 1`] = `
<div>
  <div
    class="flex flex-col items-center justify-center h-screen"
  >
    <div
      class="w-1/3"
    >
      <div
        class="flex items-center justify-center w-full h-64 border-2 border-gray-300 border-dashed rounded-lg cursor-pointer"
        role="presentation"
        tabindex="0"
      >
        <input
          accept="application/pdf,.pdf"
          multiple=""
          style="display: none;"
          tabindex="-1"
          type="file"
        />
        <p
          class="text-gray-700"
        >
          Drag 'n' drop some files here, or click to select files
        </p>
      </div>
      <div
        class="flex flex-row"
      >
        <button
          class="px-4 py-2 mt-4 font-bold text-white bg-blue-500 rounded"
        >
          Upload Resume
        </button>
      </div>
    </div>
  </div>
</div>
`;
